// Jest Snapshot v1, https://goo.gl/fbAQLP

exports[`<Icon /> renders correctly 1`] = `
<View
  style={
    Array [
      Object {
        "alignItems": "flex-start",
        "display": "flex",
      },
    ]
  }
>
  <View
    style={
      Array [
        Object {
          "marginTop": -5,
          "position": "absolute",
          "right": 0,
          "zIndex": 1,
        },
      ]
    }
  >
    <View
      height={16}
      primary={true}
      style={
        Array [
          Object {
            "alignItems": "center",
            "backgroundColor": "#5197ff",
            "borderRadius": 50,
            "display": "flex",
            "height": 16,
            "justifyContent": "center",
            "width": 16,
          },
        ]
      }
      width={16}
    />
  </View>
  <RNSVGSvgView
    align="xMidYMid"
    bbHeight="50"
    bbWidth="50"
    color="transparent"
    height="50"
    icon="arrow-left"
    meetOrSlice={0}
    minX={0}
    minY={0}
    style={
      Array [
        Object {
          "backgroundColor": "transparent",
          "borderWidth": 0,
        },
        undefined,
        false,
        Object {
          "flex": 0,
          "height": 50,
          "width": 50,
        },
      ]
    }
    tag={true}
    tintColor="transparent"
    vbHeight={24}
    vbWidth={24}
    width="50"
  >
    <RNSVGGroup
      fill={
        Array [
          0,
          0,
          0,
          0,
          1,
        ]
      }
      fillOpacity={1}
      fillRule={1}
      font={Object {}}
      matrix={
        Array [
          1,
          0,
          0,
          1,
          0,
          0,
        ]
      }
      opacity={1}
      originX={0}
      originY={0}
      propList={Array []}
      rotation={0}
      scaleX={1}
      scaleY={1}
      skewX={0}
      skewY={0}
      stroke={null}
      strokeDasharray={null}
      strokeDashoffset={null}
      strokeLinecap={0}
      strokeLinejoin={0}
      strokeMiterlimit={4}
      strokeOpacity={1}
      strokeWidth="1"
      x={0}
      y={0}
    >
      <RNSVGPath
        d="M6.414 13 12.707 19.293 11.293 20.707 2.586 12 11.293 3.293 12.707 4.707 6.414 11 21 11 21 13z"
        fill={
          Array [
            0,
            0,
            0,
            0,
            0,
          ]
        }
        fillOpacity={1}
        fillRule={0}
        matrix={
          Array [
            1,
            0,
            0,
            1,
            0,
            0,
          ]
        }
        opacity={1}
        originX={0}
        originY={0}
        propList={
          Array [
            "fill",
            "fillRule",
          ]
        }
        rotation={0}
        scaleX={1}
        scaleY={1}
        skewX={0}
        skewY={0}
        stroke={null}
        strokeDasharray={null}
        strokeDashoffset={null}
        strokeLinecap={0}
        strokeLinejoin={0}
        strokeMiterlimit={4}
        strokeOpacity={1}
        strokeWidth="1"
        x={0}
        y={0}
      />
    </RNSVGGroup>
  </RNSVGSvgView>
</View>
`;
