// Jest Snapshot v1, https://goo.gl/fbAQLP

exports[`<ProductDetails /> renders correctly 1`] = `
<RCTSafeAreaView
  style={
    Array [
      Object {
        "alignItems": "center",
        "backgroundColor": "#ff0000",
        "flexBasis": 0,
        "flexGrow": 1,
        "flexShrink": 1,
      },
    ]
  }
/>
`;
